// Jest Snapshot v1, https://goo.gl/fbAQLP

exports[`<Scenes /> Should match snapshot 1`] = `
<BrowserRouter>
  <Switch>
    <Route
      component={[Function]}
      exact={true}
      path="/setServer"
    />
    <Route
      component={[Function]}
      exact={true}
      path="/login"
    />
    <Route
      component={
        Object {
          "$$typeof": Symbol(react.memo),
          "WrappedComponent": [Function],
          "compare": null,
          "displayName": "Connect(withRouter(branch(branch(withHandlers(WithStyles(Dashboard))))))",
          "type": [Function],
        }
      }
      path="/"
    />
    <Route
      component={[Function]}
    />
  </Switch>
</BrowserRouter>
`;
